C:\Users\phamd\Desktop\Robot Framework\2.Assignment 2\morsesender\lpc_chip_15xx\inc/sysctl_15xx.h:185:20:Chip_SYSCTL_PeriphReset	16	static
C:\Users\phamd\Desktop\Robot Framework\2.Assignment 2\morsesender\lpc_chip_15xx\inc/clock_15xx.h:194:20:Chip_Clock_SetUSBClockSource	16	static
C:\Users\phamd\Desktop\Robot Framework\2.Assignment 2\morsesender\lpc_chip_15xx\inc/clock_15xx.h:328:20:Chip_Clock_SetUSBPLLSource	16	static
C:\Users\phamd\Desktop\Robot Framework\2.Assignment 2\morsesender\lpc_chip_15xx\inc/clock_15xx.h:340:20:Chip_Clock_SetupUSBPLL	16	static
C:\Users\phamd\Desktop\Robot Framework\2.Assignment 2\morsesender\lpc_chip_15xx\inc/clock_15xx.h:349:20:Chip_Clock_IsUSBPLLLocked	4	static
../src/chip_15xx.c:55:6:SystemCoreClockUpdate	8	static
../src/chip_15xx.c:61:6:Chip_USB_Init	8	static
