C:\Users\phamd\Desktop\Robot Framework\2.Assignment 2\morsesender\lpc_chip_15xx\inc/i2c_common_15xx.h:255:24:Chip_I2C_GetClockDiv	16	static
C:\Users\phamd\Desktop\Robot Framework\2.Assignment 2\morsesender\lpc_chip_15xx\inc/i2cm_15xx.h:101:20:Chip_I2CM_SetDutyCycle	16	static
C:\Users\phamd\Desktop\Robot Framework\2.Assignment 2\morsesender\lpc_chip_15xx\inc/i2cm_15xx.h:148:24:Chip_I2CM_GetStatus	16	static
C:\Users\phamd\Desktop\Robot Framework\2.Assignment 2\morsesender\lpc_chip_15xx\inc/i2cm_15xx.h:160:20:Chip_I2CM_ClearStatus	16	static
C:\Users\phamd\Desktop\Robot Framework\2.Assignment 2\morsesender\lpc_chip_15xx\inc/i2cm_15xx.h:172:20:Chip_I2CM_IsMasterPending	16	static
C:\Users\phamd\Desktop\Robot Framework\2.Assignment 2\morsesender\lpc_chip_15xx\inc/i2cm_15xx.h:184:24:Chip_I2CM_GetMasterState	16	static
C:\Users\phamd\Desktop\Robot Framework\2.Assignment 2\morsesender\lpc_chip_15xx\inc/i2cm_15xx.h:197:20:Chip_I2CM_SendStart	16	static
C:\Users\phamd\Desktop\Robot Framework\2.Assignment 2\morsesender\lpc_chip_15xx\inc/i2cm_15xx.h:210:20:Chip_I2CM_SendStop	16	static
C:\Users\phamd\Desktop\Robot Framework\2.Assignment 2\morsesender\lpc_chip_15xx\inc/i2cm_15xx.h:223:20:Chip_I2CM_MasterContinue	16	static
C:\Users\phamd\Desktop\Robot Framework\2.Assignment 2\morsesender\lpc_chip_15xx\inc/i2cm_15xx.h:237:20:Chip_I2CM_WriteByte	16	static
../src/i2cm_15xx.c:51:6:Chip_I2CM_SetBusSpeed	32	static
../src/i2cm_15xx.c:58:10:Chip_I2CM_XferHandler	24	static
../src/i2cm_15xx.c:152:6:Chip_I2CM_Xfer	16	static
../src/i2cm_15xx.c:165:10:Chip_I2CM_XferBlocking	24	static
