gthr-default.h:229:1:int __gthread_key_delete(__gthread_key_t)	16	static
core_cm3.h:1323:22:void NVIC_EnableIRQ(IRQn_Type)	16	static
core_cm3.h:1335:22:void NVIC_DisableIRQ(IRQn_Type)	16	static
core_cm3.h:1405:22:void NVIC_SetPriority(IRQn_Type, uint32_t)	16	static
iocon_15xx.h:95:20:void Chip_IOCON_PinMuxSet(LPC_IOCON_T*, uint8_t, uint8_t, uint32_t)	24	static
swm_15xx.h:232:20:void Chip_SWM_MovablePortPinAssign(CHIP_SWM_PIN_MOVABLE_T, uint8_t, uint8_t)	16	static
ring_buffer.h:103:19:int RingBuffer_GetCount(RINGBUFF_T*)	16	static
uart_15xx.h:127:20:void Chip_UART_Enable(LPC_USART_T*)	16	static
uart_15xx.h:147:20:void Chip_UART_TXEnable(LPC_USART_T*)	16	static
uart_15xx.h:197:20:void Chip_UART_IntEnable(LPC_USART_T*, uint32_t)	16	static
uart_15xx.h:210:20:void Chip_UART_IntDisable(LPC_USART_T*, uint32_t)	16	static
uart_15xx.h:236:24:uint32_t Chip_UART_GetIntStatus(LPC_USART_T*)	16	static
uart_15xx.h:252:20:void Chip_UART_ConfigData(LPC_USART_T*, uint32_t)	24	static
LpcUart.cpp:22:6:void UART0_IRQHandler()	16	static
LpcUart.cpp:33:6:void UART1_IRQHandler()	16	static
LpcUart.cpp:44:6:void UART2_IRQHandler()	16	static
LpcUart.cpp:58:6:void LpcUart::isr(long int*)	24	static
LpcUart.cpp:73:1:LpcUart::LpcUart(const LpcUartConfig&)	24	static
LpcUart.cpp:180:1:LpcUart::~LpcUart()	16	static
LpcUart.cpp:180:1:virtual LpcUart::~LpcUart()	16	static
LpcUart.cpp:198:6:void LpcUart::set_on_receive(void (*)())	16	static
LpcUart.cpp:204:6:int LpcUart::free()	32	static
LpcUart.cpp:211:6:int LpcUart::peek()	32	static
LpcUart.cpp:218:6:int LpcUart::read(char&)	16	static
LpcUart.cpp:223:6:int LpcUart::read(char*, int)	40	static
LpcUart.cpp:239:6:int LpcUart::read(char*, int, TickType_t, TickType_t)	48	static
LpcUart.cpp:259:5:int LpcUart::write(char)	16	static
LpcUart.cpp:264:5:int LpcUart::write(const char*)	16	static
LpcUart.cpp:269:5:int LpcUart::write(const char*, int)	48	static
LpcUart.cpp:291:6:void LpcUart::txbreak(bool)	16	static
LpcUart.cpp:296:6:bool LpcUart::rxbreak()	16	static
LpcUart.cpp:302:6:void LpcUart::speed(int)	24	static
LpcUart.cpp:310:6:bool LpcUart::txempty()	32	static
std_mutex.h:158:16:std::lock_guard<_Mutex>::lock_guard(std::lock_guard<_Mutex>::mutex_type&) [with _Mutex = Fmutex]	16	static
std_mutex.h:164:7:std::lock_guard<_Mutex>::~lock_guard() [with _Mutex = Fmutex]	16	static
